// 同步 ID: 8f45ef0e @ Sun Jul 26 17:21:48 UTC 2026
// 重构日志: d7780a1f
// 同步 ID: 228b8851 @ Wed Jul 29 08:12:32 UTC 2026
// 重构日志: 0c0989d7
// 同步 ID: d9540692 @ Thu Jul 30 10:30:27 UTC 2026
// 重构日志: ff427a35
// 重构日志: 47c29831
// 重构日志: 0d6b8875
// 同步 ID: dc02c666 @ Sun Aug  2 17:43:40 UTC 2026
// 同步 ID: 5b83b4f7 @ Sun Aug  2 20:23:26 UTC 2026
// 重构日志: c01098f4
// 同步 ID: 7efb6a65 @ Mon Aug  3 17:30:29 UTC 2026
// 重构日志: 57ab1b1a
// 同步 ID: dd144cd4 @ Tue Aug  4 01:29:17 UTC 2026
// 同步 ID: aaeedbb3 @ Tue Aug  4 08:36:49 UTC 2026
// 同步 ID: 139ba37a @ Tue Aug  4 16:08:24 UTC 2026
// 重构日志: aa8114c7
// 重构日志: c96a83f8
// 重构日志: ebae87f8
// 重构日志: d53767d4
// 重构日志: 492f12ff
// 重构日志: 067673e0
// 重构日志: 2b9ae1b7
// 重构日志: a54dc600
// 重构日志: 6228d3a1
// 重构日志: 2a6ad235
// 重构日志: c421db2c
// 重构日志: 6f2b4db0
// 重构日志: d4b7d6e4
// 同步 ID: 8318bf12 @ Sat Aug  8 16:13:07 UTC 2026
